Copyright 1986-2022 Xilinx, Inc. All Rights Reserved. Copyright 2022-2026 Advanced Micro Devices, Inc. All Rights Reserved.
------------------------------------------------------------------------------------------------------------------------------------------------------------------------------------------------------------------------------------------
| Tool Version : Vivado v.2026.1 (win64) Build 6511674 Tue Jun 16 11:02:23 MDT 2026
| Date         : Mon Sep 14 18:00:08 2026
| Host         : BOOK-OPT2TNA3HM running 64-bit major release  (build 9200)
| Command      : report_timing_summary -max_paths 10 -routable_nets -report_unconstrained -file encoder8x3_timing_summary_routed.rpt -pb encoder8x3_timing_summary_routed.pb -rpx encoder8x3_timing_summary_routed.rpx -warn_on_violation
| Design       : encoder8x3
| Device       : 7s75-fgga484
| Speed File   : -1  PRODUCTION 1.23 2018-06-13
| Design State : Routed
------------------------------------------------------------------------------------------------------------------------------------------------------------------------------------------------------------------------------------------

Timing Summary Report

------------------------------------------------------------------------------------------------
| Timer Settings
| --------------
------------------------------------------------------------------------------------------------

  Enable Multi Corner Analysis               :  Yes
  Enable Pessimism Removal                   :  Yes
  Pessimism Removal Resolution               :  Nearest Common Node
  Enable Input Delay Default Clock           :  No
  Enable Preset / Clear Arcs                 :  No
  Disable Flight Delays                      :  No
  Ignore I/O Paths                           :  No
  Timing Early Launch at Borrowing Latches   :  No
  Borrow Time for Max Delay Exceptions       :  Yes
  Merge Timing Exceptions                    :  Yes
  Inter-SLR Compensation                     :  Conservative

  Corner  Analyze    Analyze    
  Name    Max Paths  Min Paths  
  ------  ---------  ---------  
  Slow    Yes        Yes        
  Fast    Yes        Yes        


------------------------------------------------------------------------------------------------
| Report Methodology
| ------------------
------------------------------------------------------------------------------------------------

No report available as report_methodology has not been run prior. Run report_methodology on the current design for the summary of methodology violations.



check_timing report

Table of Contents
-----------------
1. checking no_clock (0)
2. checking constant_clock (0)
3. checking pulse_width_clock (0)
4. checking unconstrained_internal_endpoints (0)
5. checking no_input_delay (0)
6. checking no_output_delay (0)
7. checking multiple_clock (0)
8. checking generated_clocks (0)
9. checking loops (0)
10. checking partial_input_delay (0)
11. checking partial_output_delay (0)
12. checking latch_loops (0)

1. checking no_clock (0)
------------------------
 There are 0 register/latch pins with no clock.


2. checking constant_clock (0)
------------------------------
 There are 0 register/latch pins with constant_clock.


3. checking pulse_width_clock (0)
---------------------------------
 There are 0 register/latch pins which need pulse_width check


4. checking unconstrained_internal_endpoints (0)
------------------------------------------------
 There are 0 pins that are not constrained for maximum delay.

 There are 0 pins that are not constrained for maximum delay due to constant clock.


5. checking no_input_delay (0)
------------------------------
 There are 0 input ports with no input delay specified.

 There are 0 input ports with no input delay but user has a false path constraint.


6. checking no_output_delay (0)
-------------------------------
 There are 0 ports with no output delay specified.

 There are 0 ports with no output delay but user has a false path constraint

 There are 0 ports with no output delay but with a timing clock defined on it or propagating through it


7. checking multiple_clock (0)
------------------------------
 There are 0 register/latch pins with multiple clocks.


8. checking generated_clocks (0)
--------------------------------
 There are 0 generated clocks that are not connected to a clock source.


9. checking loops (0)
---------------------
 There are 0 combinational loops in the design.


10. checking partial_input_delay (0)
------------------------------------
 There are 0 input ports with partial input delay specified.


11. checking partial_output_delay (0)
-------------------------------------
 There are 0 ports with partial output delay specified.


12. checking latch_loops (0)
----------------------------
 There are 0 combinational latch loops in the design through latch input



------------------------------------------------------------------------------------------------
| Design Timing Summary
| ---------------------
------------------------------------------------------------------------------------------------

    WNS(ns)      TNS(ns)  TNS Failing Endpoints  TNS Total Endpoints      WHS(ns)      THS(ns)  THS Failing Endpoints  THS Total Endpoints     WPWS(ns)     TPWS(ns)  TPWS Failing Endpoints  TPWS Total Endpoints  
    -------      -------  ---------------------  -------------------      -------      -------  ---------------------  -------------------     --------     --------  ----------------------  --------------------  
        inf        0.000                      0                    3          inf        0.000                      0                    3           NA           NA                      NA                    NA  


There are no user specified timing constraints.


------------------------------------------------------------------------------------------------
| Clock Summary
| -------------
------------------------------------------------------------------------------------------------


------------------------------------------------------------------------------------------------
| Intra Clock Table
| -----------------
------------------------------------------------------------------------------------------------

Clock             WNS(ns)      TNS(ns)  TNS Failing Endpoints  TNS Total Endpoints      WHS(ns)      THS(ns)  THS Failing Endpoints  THS Total Endpoints     WPWS(ns)     TPWS(ns)  TPWS Failing Endpoints  TPWS Total Endpoints  
-----             -------      -------  ---------------------  -------------------      -------      -------  ---------------------  -------------------     --------     --------  ----------------------  --------------------  


------------------------------------------------------------------------------------------------
| Inter Clock Table
| -----------------
------------------------------------------------------------------------------------------------

From Clock    To Clock          WNS(ns)      TNS(ns)  TNS Failing Endpoints  TNS Total Endpoints      WHS(ns)      THS(ns)  THS Failing Endpoints  THS Total Endpoints  
----------    --------          -------      -------  ---------------------  -------------------      -------      -------  ---------------------  -------------------  


------------------------------------------------------------------------------------------------
| Other Path Groups Table
| -----------------------
------------------------------------------------------------------------------------------------

Path Group    From Clock    To Clock          WNS(ns)      TNS(ns)  TNS Failing Endpoints  TNS Total Endpoints      WHS(ns)      THS(ns)  THS Failing Endpoints  THS Total Endpoints  
----------    ----------    --------          -------      -------  ---------------------  -------------------      -------      -------  ---------------------  -------------------  


------------------------------------------------------------------------------------------------
| User Ignored Path Table
| -----------------------
------------------------------------------------------------------------------------------------

Path Group    From Clock    To Clock    
----------    ----------    --------    


------------------------------------------------------------------------------------------------
| Unconstrained Path Table
| ------------------------
------------------------------------------------------------------------------------------------

Path Group    From Clock    To Clock    
----------    ----------    --------    
(none)                                    


------------------------------------------------------------------------------------------------
| Timing Details
| --------------
------------------------------------------------------------------------------------------------


--------------------------------------------------------------------------------------
Path Group:  (none)
From Clock:  
  To Clock:  

Max Delay             3 Endpoints
Min Delay             3 Endpoints
--------------------------------------------------------------------------------------


Max Delay Paths
--------------------------------------------------------------------------------------
Slack:                    inf
  Source:                 i[0]
                            (input port)
  Destination:            a[2]
                            (output port)
  Path Group:             (none)
  Path Type:              Max at Slow Process Corner
  Data Path Delay:        10.479ns  (logic 5.261ns (50.211%)  route 5.217ns (49.789%))
  Logic Levels:           4  (IBUF=1 LUT3=1 LUT6=1 OBUF=1)

    Location             Delay type                Incr(ns)  Path(ns)    Netlist Resource(s)
  -------------------------------------------------------------------    -------------------
    J2                                                0.000     0.000 r  i[0]
                         net (fo=0)                   0.000     0.000    i[0]
    J2                   IBUF (Prop_ibuf_I_O)         1.486     1.486 r  i_IBUF[0]_inst/O
                         net (fo=3, routed)           2.256     3.742    i_IBUF[0]
    SLICE_X85Y118        LUT6 (Prop_lut6_I5_O)        0.124     3.866 r  a_OBUF[2]_inst_i_2/O
                         net (fo=1, routed)           0.875     4.742    a_OBUF[2]_inst_i_2_n_0
    SLICE_X84Y118        LUT3 (Prop_lut3_I0_O)        0.124     4.866 r  a_OBUF[2]_inst_i_1/O
                         net (fo=1, routed)           2.086     6.951    a_OBUF[2]
    L4                   OBUF (Prop_obuf_I_O)         3.527    10.479 r  a_OBUF[2]_inst/O
                         net (fo=0)                   0.000    10.479    a[2]
    L4                                                                r  a[2]
  -------------------------------------------------------------------    -------------------

Slack:                    inf
  Source:                 i[0]
                            (input port)
  Destination:            a[0]
                            (output port)
  Path Group:             (none)
  Path Type:              Max at Slow Process Corner
  Data Path Delay:        10.186ns  (logic 5.505ns (54.041%)  route 4.682ns (45.959%))
  Logic Levels:           4  (IBUF=1 LUT3=1 LUT6=1 OBUF=1)

    Location             Delay type                Incr(ns)  Path(ns)    Netlist Resource(s)
  -------------------------------------------------------------------    -------------------
    J2                                                0.000     0.000 r  i[0]
                         net (fo=0)                   0.000     0.000    i[0]
    J2                   IBUF (Prop_ibuf_I_O)         1.486     1.486 r  i_IBUF[0]_inst/O
                         net (fo=3, routed)           2.442     3.928    i_IBUF[0]
    SLICE_X85Y118        LUT6 (Prop_lut6_I5_O)        0.124     4.052 r  a_OBUF[0]_inst_i_2/O
                         net (fo=1, routed)           0.433     4.485    a_OBUF[0]_inst_i_2_n_0
    SLICE_X85Y118        LUT3 (Prop_lut3_I0_O)        0.150     4.635 r  a_OBUF[0]_inst_i_1/O
                         net (fo=1, routed)           1.807     6.442    a_OBUF[0]
    M2                   OBUF (Prop_obuf_I_O)         3.745    10.186 r  a_OBUF[0]_inst/O
                         net (fo=0)                   0.000    10.186    a[0]
    M2                                                                r  a[0]
  -------------------------------------------------------------------    -------------------

Slack:                    inf
  Source:                 i[0]
                            (input port)
  Destination:            a[1]
                            (output port)
  Path Group:             (none)
  Path Type:              Max at Slow Process Corner
  Data Path Delay:        9.885ns  (logic 5.263ns (53.238%)  route 4.623ns (46.762%))
  Logic Levels:           4  (IBUF=1 LUT3=1 LUT6=1 OBUF=1)

    Location             Delay type                Incr(ns)  Path(ns)    Netlist Resource(s)
  -------------------------------------------------------------------    -------------------
    J2                                                0.000     0.000 r  i[0]
                         net (fo=0)                   0.000     0.000    i[0]
    J2                   IBUF (Prop_ibuf_I_O)         1.486     1.486 r  i_IBUF[0]_inst/O
                         net (fo=3, routed)           2.251     3.737    i_IBUF[0]
    SLICE_X85Y118        LUT6 (Prop_lut6_I5_O)        0.124     3.861 r  a_OBUF[1]_inst_i_2/O
                         net (fo=1, routed)           0.469     4.331    a_OBUF[1]_inst_i_2_n_0
    SLICE_X85Y118        LUT3 (Prop_lut3_I0_O)        0.124     4.455 r  a_OBUF[1]_inst_i_1/O
                         net (fo=1, routed)           1.902     6.357    a_OBUF[1]
    M4                   OBUF (Prop_obuf_I_O)         3.528     9.885 r  a_OBUF[1]_inst/O
                         net (fo=0)                   0.000     9.885    a[1]
    M4                                                                r  a[1]
  -------------------------------------------------------------------    -------------------





Min Delay Paths
--------------------------------------------------------------------------------------
Slack:                    inf
  Source:                 i[7]
                            (input port)
  Destination:            a[1]
                            (output port)
  Path Group:             (none)
  Path Type:              Min at Fast Process Corner
  Data Path Delay:        2.527ns  (logic 1.511ns (59.794%)  route 1.016ns (40.206%))
  Logic Levels:           3  (IBUF=1 LUT3=1 OBUF=1)

    Location             Delay type                Incr(ns)  Path(ns)    Netlist Resource(s)
  -------------------------------------------------------------------    -------------------
    K4                                                0.000     0.000 f  i[7]
                         net (fo=0)                   0.000     0.000    i[7]
    K4                   IBUF (Prop_ibuf_I_O)         0.236     0.236 f  i_IBUF[7]_inst/O
                         net (fo=3, routed)           0.595     0.831    i_IBUF[7]
    SLICE_X85Y118        LUT3 (Prop_lut3_I2_O)        0.045     0.876 r  a_OBUF[1]_inst_i_1/O
                         net (fo=1, routed)           0.421     1.297    a_OBUF[1]
    M4                   OBUF (Prop_obuf_I_O)         1.229     2.527 r  a_OBUF[1]_inst/O
                         net (fo=0)                   0.000     2.527    a[1]
    M4                                                                r  a[1]
  -------------------------------------------------------------------    -------------------

Slack:                    inf
  Source:                 i[7]
                            (input port)
  Destination:            a[0]
                            (output port)
  Path Group:             (none)
  Path Type:              Min at Fast Process Corner
  Data Path Delay:        2.574ns  (logic 1.584ns (61.541%)  route 0.990ns (38.459%))
  Logic Levels:           3  (IBUF=1 LUT3=1 OBUF=1)

    Location             Delay type                Incr(ns)  Path(ns)    Netlist Resource(s)
  -------------------------------------------------------------------    -------------------
    K4                                                0.000     0.000 f  i[7]
                         net (fo=0)                   0.000     0.000    i[7]
    K4                   IBUF (Prop_ibuf_I_O)         0.236     0.236 f  i_IBUF[7]_inst/O
                         net (fo=3, routed)           0.595     0.831    i_IBUF[7]
    SLICE_X85Y118        LUT3 (Prop_lut3_I2_O)        0.042     0.873 r  a_OBUF[0]_inst_i_1/O
                         net (fo=1, routed)           0.395     1.268    a_OBUF[0]
    M2                   OBUF (Prop_obuf_I_O)         1.305     2.574 r  a_OBUF[0]_inst/O
                         net (fo=0)                   0.000     2.574    a[0]
    M2                                                                r  a[0]
  -------------------------------------------------------------------    -------------------

Slack:                    inf
  Source:                 i[6]
                            (input port)
  Destination:            a[2]
                            (output port)
  Path Group:             (none)
  Path Type:              Min at Fast Process Corner
  Data Path Delay:        2.578ns  (logic 1.518ns (58.902%)  route 1.059ns (41.098%))
  Logic Levels:           3  (IBUF=1 LUT3=1 OBUF=1)

    Location             Delay type                Incr(ns)  Path(ns)    Netlist Resource(s)
  -------------------------------------------------------------------    -------------------
    N8                                                0.000     0.000 f  i[6]
                         net (fo=0)                   0.000     0.000    i[6]
    N8                   IBUF (Prop_ibuf_I_O)         0.245     0.245 f  i_IBUF[6]_inst/O
                         net (fo=3, routed)           0.532     0.778    i_IBUF[6]
    SLICE_X84Y118        LUT3 (Prop_lut3_I1_O)        0.045     0.823 r  a_OBUF[2]_inst_i_1/O
                         net (fo=1, routed)           0.527     1.349    a_OBUF[2]
    L4                   OBUF (Prop_obuf_I_O)         1.228     2.578 r  a_OBUF[2]_inst/O
                         net (fo=0)                   0.000     2.578    a[2]
    L4                                                                r  a[2]
  -------------------------------------------------------------------    -------------------





